../Core/Src/lcd_touch.c:129:13:LCD_GPIO_Init	56	static
../Core/Src/lcd_touch.c:179:20:LCD_Write8	16	static
../Core/Src/lcd_touch.c:203:6:TFT_24S_Write_Command	16	static
../Core/Src/lcd_touch.c:211:6:TFT_24S_Write_Data	16	static
../Core/Src/lcd_touch.c:218:20:LCD_Write8Register8	16	static
../Core/Src/lcd_touch.c:225:20:LCD_Write16Register8	16	static
../Core/Src/lcd_touch.c:242:20:LCD_Write32Register8	16	static
../Core/Src/lcd_touch.c:266:23:LCD_Read8	16	static
../Core/Src/lcd_touch.c:290:10:Read_ID	16	static
../Core/Src/lcd_touch.c:341:6:LCD_init	8	static
../Core/Src/lcd_touch.c:462:6:LCD_Flood	24	static
../Core/Src/lcd_touch.c:486:6:LCD_SetAddrWindow	24	static
../Core/Src/lcd_touch.c:494:6:LCD_FillScreen	16	static
../Core/Src/lcd_touch.c:500:6:LCD_SetRotation	24	static
../Core/Src/lcd_touch.c:529:6:LCD_DrawBMP	72	static
../Core/Src/lcd_touch.c:608:6:LCD_DrawPixel	16	static
../Core/Src/lcd_touch.c:619:6:LCD_DrawLine	48	static
../Core/Src/lcd_touch.c:660:6:LCD_DrawFastHLine	32	static
../Core/Src/lcd_touch.c:683:6:LCD_DrawFastVLine	32	static
../Core/Src/lcd_touch.c:703:6:LCD_DrawRect	24	static
../Core/Src/lcd_touch.c:710:6:LCD_FillRect	32	static
../Core/Src/lcd_touch.c:740:6:LCD_DrawCircle	40	static
../Core/Src/lcd_touch.c:773:6:LCD_DrawCircleHelper	40	static
../Core/Src/lcd_touch.c:808:6:LCD_FillCircle	32	static
../Core/Src/lcd_touch.c:813:6:LCD_FillCircleHelper	40	static
../Core/Src/lcd_touch.c:842:6:LCD_DrawTriangle	32	static
../Core/Src/lcd_touch.c:848:6:LCD_FillTriangle	72	static
../Core/Src/lcd_touch.c:924:6:LCD_DrawRoundRect	32	static
../Core/Src/lcd_touch.c:937:6:LCD_FillRoundRect	32	static
../Core/Src/lcd_touch.c:946:6:LCD_SetCursor	16	static
../Core/Src/lcd_touch.c:951:6:LCD_DrawChar	64	static
../Core/Src/lcd_touch.c:1012:6:LCD_Printf	40	static
../Core/Src/lcd_touch.c:1063:6:GPIO_DrawMode	40	static
