../Core/Src/space_impact.c:13:6:drawSpaceShip	32	static
../Core/Src/space_impact.c:24:6:drawAsteroid	32	static
../Core/Src/space_impact.c:31:6:drawBullet	32	static
../Core/Src/space_impact.c:35:6:moveSpaceShip	16	static
../Core/Src/space_impact.c:50:6:cleanSpaceShip	24	static
../Core/Src/space_impact.c:58:6:cleanBullet	24	static
../Core/Src/space_impact.c:66:6:cleanAsteroid	24	static
../Core/Src/space_impact.c:74:6:moveBullet	16	static
../Core/Src/space_impact.c:93:6:moveAsteroid	16	static
../Core/Src/space_impact.c:112:10:getRandom	24	static
../Core/Src/space_impact.c:118:6:initBullet	16	static
../Core/Src/space_impact.c:122:6:initBulletHolder	24	static
../Core/Src/space_impact.c:133:6:initAsteroid	16	static
../Core/Src/space_impact.c:137:6:initAsteroidArmy	24	static
../Core/Src/space_impact.c:147:6:initSpaceShip	16	static
../Core/Src/space_impact.c:154:10:isKilled	16	static
../Core/Src/space_impact.c:161:9:isAsteroidHitSpaceShip	16	static
../Core/Src/space_impact.c:168:6:calculateAsteroidArmy	16	static
../Core/Src/space_impact.c:183:6:calculateBulletHolder	16	static
../Core/Src/space_impact.c:200:6:analizeSituation	32	static
